// Vitest Snapshot v1, https://vitest.dev/guide/snapshot.html

exports[`generateRenderRootTsx > matches snapshot for script with block timing 1`] = `
"import { registerRoot, Composition } from 'remotion';
import { BlockComposition } from '../../remotion/VideoComposition';
import { blockLoaders } from './src/remotion-block-imports';
import script from './public/script.json';

export const Root = () => (
  <Composition
    id="Block"
    component={(props) => (
      <BlockComposition blockId={props.blockId} blockLoaders={blockLoaders} />
    )}
    durationInFrames={1}
    fps={script.meta.fps}
    width={script.meta.width}
    height={script.meta.height}
    defaultProps={{ blockId: script.blocks[0].id }}
    calculateMetadata={({ props }) => {
      const block = script.blocks.find(b => b.id === props.blockId);
      return { durationInFrames: block.timing.frames };
    }}
  />
);
registerRoot(Root);
"
`;
